// Jest Snapshot v1, https://goo.gl/fbAQLP

exports[`ProductOverview component selects a size and quantity 1`] = `
<div
  className="productOverview"
>
  <div
    className="left"
  >
    <div
      className="slider"
    >
      <div
        className="slides"
      >
        <div
          className="slide first"
        >
          <img
            alt=""
            src={null}
          />
        </div>
        <div
          className="Popup"
        >
          <span>
            ×
          </span>
          <img
            alt=""
            src=""
          />
        </div>
        <div
          className="navigation-auto"
        />
      </div>
      <div
        className="navigation-manual"
      />
    </div>
    <div
      className="slogan"
    />
    <div
      className="desc"
    />
  </div>
  <div
    className="right"
  >
    <div
      className="productReview"
    >
      <div
        className="scroll"
      >
        Show All Reviews
      </div>
    </div>
    <div
      className="category"
    />
    <div
      className="ProductName"
    >
      Camo Onesie
    </div>
    <div
      className="price"
    >
      <div>
        $
         
      </div>
    </div>
    <div
      className="style"
    >
      STYLE &gt;   
      <div
        className="styleSelect"
      >
         
         
      </div>
    </div>
    <div
      className="StyleContainer"
    />
    <div
      className="select"
    >
      <select
        className="SelectSize"
        id="Sizes"
        onChange={[Function]}
      >
        <option
          defaultValue="selected"
        >
          Choose Size
        </option>
      </select>
      <select
        className="SelectNumber"
        id="Number"
        onChange={[Function]}
      />
    </div>
    <div
      className="Bag"
    >
      <ul
        className="notifications"
      />
      <div
        className="buttons"
      >
        <button
          className="Add buttons btn"
          onClick={[Function]}
        >
           
          <div
            className="addComp"
          >
            Add To Bag
          </div>
          <div
            className="icon"
          >
            <svg
              fill="currentColor"
              height="40px"
              stroke="currentColor"
              strokeWidth="0"
              style={
                {
                  "color": "white",
                }
              }
              viewBox="0 0 512 512"
              width="40px"
              xmlns="http://www.w3.org/2000/svg"
            >
              <path
                d="M448 256c0-106-86-192-192-192S64 150 64 256s86 192 192 192 192-86 192-192z"
                fill="none"
                strokeMiterlimit="10"
                strokeWidth="32"
              />
              <path
                d="M256 176v160m80-80H176"
                fill="none"
                strokeLinecap="round"
                strokeLinejoin="round"
                strokeWidth="32"
              />
            </svg>
          </div>
        </button>
      </div>
      <input
        id="star"
        type="checkbox"
      />
      <label
        className="label"
        htmlFor="star"
        id="info"
        onClick={[Function]}
      >
        <svg
          viewBox="0 0 24 24"
        >
          <path
            d="M12 17.27L18.18 21l-1.64-7.03L22 9.24l-7.19-.61L12 2 9.19 8.63 2 9.24l5.46 4.73L5.82 21z"
          />
        </svg>
      </label>
    </div>
    <div />
    <div
      className="feature"
    >
      <div
        className="vertical-divider"
      >
         ㅤ
      </div>
      <ul
        className="featurelist"
      />
    </div>
  </div>
</div>
`;
